16:13:54 **** Incremental Build of configuration Debug for project xgpio_example_1 ****
make all 
make --no-print-directory pre-build
a9-linaro-pre-build-step
 
make --no-print-directory main-build
Building file: ../src/xgpio_example.c
Invoking: ARM v7 gcc compiler
arm-none-eabi-gcc -Wall -O0 -g3 -c -fmessage-length=0 -MT"src/xgpio_example.o" -mcpu=cortex-a9 -mfpu=vfpv3 -mfloat-abi=hard -I/home/lbo/Projects/esiee/software/vitis/zybo_z1_7020/export/zybo_z1_7020/sw/zybo_z1_7020/standalone_domain/bspinclude/include -MMD -MP -MF"src/xgpio_example.d" -MT"src/xgpio_example.o" -o "src/xgpio_example.o" "../src/xgpio_example.c"
Finished building: ../src/xgpio_example.c
 
Building target: xgpio_example_1.elf
Invoking: ARM v7 gcc linker
arm-none-eabi-gcc -mcpu=cortex-a9 -mfpu=vfpv3 -mfloat-abi=hard -Wl,-build-id=none -specs=Xilinx.spec -Wl,-T -Wl,../src/lscript.ld -L/home/lbo/Projects/esiee/software/vitis/zybo_z1_7020/export/zybo_z1_7020/sw/zybo_z1_7020/standalone_domain/bsplib/lib -o "xgpio_example_1.elf"  ./src/xgpio_example.o   -Wl,--start-group,-lxil,-lgcc,-lc,--end-group
Finished building target: xgpio_example_1.elf
 
Invoking: ARM v7 Print Size
arm-none-eabi-size xgpio_example_1.elf  |tee "xgpio_example_1.elf.size"
   text	   data	    bss	    dec	    hex	filename
  23436	   1208	  22600	  47244	   b88c	xgpio_example_1.elf
Finished building: xgpio_example_1.elf.size
 

16:13:54 Build Finished (took 269ms)

