

================================================================
== Synthesis Summary Report of 'GaussianUnit'
================================================================
+ General Information: 
    * Date:           Wed Aug 11 14:03:23 2021
    * Version:        2020.2 (Build 3064766 on Wed Nov 18 09:12:47 MST 2020)
    * Project:        gaussian_low_pass
    * Solution:       solution1 (Vivado IP Flow Target)
    * Product family: zynq
    * Target device:  xc7z020-clg400-1
    

+ Performance & Resource Estimates: 
    
    PS: '+' for module; 'o' for loop; '*' for dataflow
    +-------------------------------------+--------+-------+---------+--------+----------+---------+------+----------+---------+----+-----------+-----------+-----+
    |               Modules               |  Issue |       | Latency | Latency| Iteration|         | Trip |          |         |    |           |           |     |
    |               & Loops               |  Type  | Slack | (cycles)|  (ns)  |  Latency | Interval| Count| Pipelined|  BRAM   | DSP|     FF    |    LUT    | URAM|
    +-------------------------------------+--------+-------+---------+--------+----------+---------+------+----------+---------+----+-----------+-----------+-----+
    |+ GaussianUnit                       |  Timing|   0.31|        -|       -|         -|        -|     -|        no|  10 (3%)|   -|  983 (~0%)|  1482 (2%)|    -|
    | + grp_Gaussian_fu_110               |  Timing|   0.31|        -|       -|         -|        -|     -|        no|  10 (3%)|   -|  978 (~0%)|  1446 (2%)|    -|
    |  o VITIS_LOOP_30_1_VITIS_LOOP_31_2  |       -|  -7.30|        -|       -|         5|        1|     -|       yes|        -|   -|          -|          -|    -|
    +-------------------------------------+--------+-------+---------+--------+----------+---------+------+----------+---------+----+-----------+-----------+-----+

