

================================================================
== Vitis HLS Report for 'dataflow_in_loop_S2M_entry4'
================================================================
* Date:           Fri Aug 13 09:10:05 2021

* Version:        2020.2 (Build 3064766 on Wed Nov 18 09:12:47 MST 2020)
* Project:        Data_Mover_S2MM
* Solution:       solution1 (Vivado IP Flow Target)
* Product family: zynq
* Target device:  xc7z020-clg400-1


================================================================
== Performance Estimates
================================================================
+ Timing: 
    * Summary: 
    +--------+----------+----------+------------+
    |  Clock |  Target  | Estimated| Uncertainty|
    +--------+----------+----------+------------+
    |ap_clk  |  10.00 ns|  3.634 ns|     2.70 ns|
    +--------+----------+----------+------------+

+ Latency: 
    * Summary: 
    +---------+---------+----------+----------+-----+-----+---------+
    |  Latency (cycles) |  Latency (absolute) |  Interval | Pipeline|
    |   min   |   max   |    min   |    max   | min | max |   Type  |
    +---------+---------+----------+----------+-----+-----+---------+
    |        0|        0|      0 ns|      0 ns|    0|    0|     none|
    +---------+---------+----------+----------+-----+-----+---------+

    + Detail: 
        * Instance: 
        N/A

        * Loop: 
        N/A

============================================================
+ Verbose Summary: Synthesis Manager
============================================================
InlineROM: 1
ExposeGlobal: 0
============================================================
+ Verbose Summary: CDFG Model
============================================================
IsTopModel: 0
ResetActiveHigh: 1
IsCombinational: 2
IsDatapathOnly: 0
HasWiredReturn: 1
HasMFsm: 0
HasVarLatency: 0
IsPipeline: 0
IsRtlPipelined: 0
IsInstanceOverlapped: 0
IsDontTouch: 0
HasImplIP: 0
IsGatedGlobalClock: 0


============================================================
+ Verbose Summary: Schedule
============================================================
* Number of FSM states : 1
* Pipeline : 0
* Dataflow Pipeline: 0

* FSM state transitions: 
1 --> 

* FSM state operations: 

State 1 <SV = 0> <Delay = 3.63>
ST_1 : Operation 2 [1/1] (0.00ns)   --->   "%specinterface_ln0 = specinterface void @_ssdm_op_SpecInterface, i32 %image_w_out, void @ap_fifo_str, i32 0, i32 0, void @p_str, i32 0, i32 0, void @p_str, void @p_str, void @p_str, i32 2, i32 2, i32 16, i32 16, void @p_str, void @ScalarProp_str"   --->   Operation 2 'specinterface' 'specinterface_ln0' <Predicate = true> <Delay = 0.00>
ST_1 : Operation 3 [1/1] (0.00ns)   --->   "%invert_Y_read = read i1 @_ssdm_op_Read.ap_auto.i1, i1 %invert_Y" [src/data_mover_s2mm.cpp:21]   --->   Operation 3 'read' 'invert_Y_read' <Predicate = true> <Delay = 0.00>
ST_1 : Operation 4 [1/1] (0.00ns)   --->   "%image_h_read = read i21 @_ssdm_op_Read.ap_auto.i21, i21 %image_h" [src/data_mover_s2mm.cpp:21]   --->   Operation 4 'read' 'image_h_read' <Predicate = true> <Delay = 0.00>
ST_1 : Operation 5 [1/1] (0.00ns)   --->   "%DataMover_s2mm_32bits_hls_stream_hls_axis_ap_uint_8_1ul_0ul_0ul_0_ap_uint_32_volatile_int_int_ap_uint_1_ap_uint_1_i_0_read = read i31 @_ssdm_op_Read.ap_auto.i31, i31 %DataMover_s2mm_32bits_hls_stream_hls_axis_ap_uint_8_1ul_0ul_0ul_0_ap_uint_32_volatile_int_int_ap_uint_1_ap_uint_1_i_0" [src/data_mover_s2mm.cpp:21]   --->   Operation 5 'read' 'DataMover_s2mm_32bits_hls_stream_hls_axis_ap_uint_8_1ul_0ul_0ul_0_ap_uint_32_volatile_int_int_ap_uint_1_ap_uint_1_i_0_read' <Predicate = true> <Delay = 0.00>
ST_1 : Operation 6 [1/1] (0.00ns)   --->   "%ddr_buffer_out_read = read i32 @_ssdm_op_Read.ap_auto.i32, i32 %ddr_buffer_out" [src/data_mover_s2mm.cpp:21]   --->   Operation 6 'read' 'ddr_buffer_out_read' <Predicate = true> <Delay = 0.00>
ST_1 : Operation 7 [1/1] (0.00ns)   --->   "%invert_X_read = read i1 @_ssdm_op_Read.ap_auto.i1, i1 %invert_X" [src/data_mover_s2mm.cpp:21]   --->   Operation 7 'read' 'invert_X_read' <Predicate = true> <Delay = 0.00>
ST_1 : Operation 8 [1/1] (0.00ns)   --->   "%image_w_read = read i32 @_ssdm_op_Read.ap_auto.i32, i32 %image_w" [src/data_mover_s2mm.cpp:21]   --->   Operation 8 'read' 'image_w_read' <Predicate = true> <Delay = 0.00>
ST_1 : Operation 9 [1/1] (3.63ns)   --->   "%write_ln21 = write void @_ssdm_op_Write.ap_fifo.i32P0A, i32 %image_w_out, i32 %image_w_read" [src/data_mover_s2mm.cpp:21]   --->   Operation 9 'write' 'write_ln21' <Predicate = true> <Delay = 3.63> <CoreInst = "FIFO_SRL">   --->   Core 81 'FIFO_SRL' <Latency = 0> <II = 1> <Delay = 3.63> <Storage> <Opcode : 'read' 'write' 'nbread' 'nbwrite'> <Ports = 0> <Width = 32> <Depth = 2> <FIFO>
ST_1 : Operation 10 [1/1] (0.00ns)   --->   "%specinterface_ln0 = specinterface void @_ssdm_op_SpecInterface, i1 %invert_X_out, void @ap_fifo_str, i32 0, i32 0, void @p_str, i32 0, i32 0, void @p_str, void @p_str, void @p_str, i32 2, i32 2, i32 16, i32 16, void @p_str, void @ScalarProp_str"   --->   Operation 10 'specinterface' 'specinterface_ln0' <Predicate = true> <Delay = 0.00>
ST_1 : Operation 11 [1/1] (3.63ns)   --->   "%write_ln21 = write void @_ssdm_op_Write.ap_fifo.i1P0A, i1 %invert_X_out, i1 %invert_X_read" [src/data_mover_s2mm.cpp:21]   --->   Operation 11 'write' 'write_ln21' <Predicate = true> <Delay = 3.63> <CoreInst = "FIFO_SRL">   --->   Core 81 'FIFO_SRL' <Latency = 0> <II = 1> <Delay = 3.63> <Storage> <Opcode : 'read' 'write' 'nbread' 'nbwrite'> <Ports = 0> <Width = 1> <Depth = 2> <FIFO>
ST_1 : Operation 12 [1/1] (0.00ns)   --->   "%specinterface_ln0 = specinterface void @_ssdm_op_SpecInterface, i32 %ddr_buffer_out_out, void @ap_fifo_str, i32 0, i32 0, void @p_str, i32 0, i32 0, void @p_str, void @p_str, void @p_str, i32 2, i32 2, i32 16, i32 16, void @p_str, void @ScalarProp_str"   --->   Operation 12 'specinterface' 'specinterface_ln0' <Predicate = true> <Delay = 0.00>
ST_1 : Operation 13 [1/1] (3.63ns)   --->   "%write_ln21 = write void @_ssdm_op_Write.ap_fifo.i32P0A, i32 %ddr_buffer_out_out, i32 %ddr_buffer_out_read" [src/data_mover_s2mm.cpp:21]   --->   Operation 13 'write' 'write_ln21' <Predicate = true> <Delay = 3.63> <CoreInst = "FIFO_SRL">   --->   Core 81 'FIFO_SRL' <Latency = 0> <II = 1> <Delay = 3.63> <Storage> <Opcode : 'read' 'write' 'nbread' 'nbwrite'> <Ports = 0> <Width = 32> <Depth = 2> <FIFO>
ST_1 : Operation 14 [1/1] (0.00ns)   --->   "%specinterface_ln0 = specinterface void @_ssdm_op_SpecInterface, i31 %DataMover_s2mm_32bits_hls_stream_hls_axis_ap_uint_8_1ul_0ul_0ul_0_ap_uint_32_volatile_int_int_ap_uint_1_ap_uint_1_i_0_out, void @ap_fifo_str, i32 0, i32 0, void @p_str, i32 0, i32 0, void @p_str, void @p_str, void @p_str, i32 2, i32 2, i32 16, i32 16, void @p_str, void @ScalarProp_str"   --->   Operation 14 'specinterface' 'specinterface_ln0' <Predicate = true> <Delay = 0.00>
ST_1 : Operation 15 [1/1] (3.63ns)   --->   "%write_ln21 = write void @_ssdm_op_Write.ap_fifo.i31P0A, i31 %DataMover_s2mm_32bits_hls_stream_hls_axis_ap_uint_8_1ul_0ul_0ul_0_ap_uint_32_volatile_int_int_ap_uint_1_ap_uint_1_i_0_out, i31 %DataMover_s2mm_32bits_hls_stream_hls_axis_ap_uint_8_1ul_0ul_0ul_0_ap_uint_32_volatile_int_int_ap_uint_1_ap_uint_1_i_0_read" [src/data_mover_s2mm.cpp:21]   --->   Operation 15 'write' 'write_ln21' <Predicate = true> <Delay = 3.63> <CoreInst = "FIFO_SRL">   --->   Core 81 'FIFO_SRL' <Latency = 0> <II = 1> <Delay = 3.63> <Storage> <Opcode : 'read' 'write' 'nbread' 'nbwrite'> <Ports = 0> <Width = 31> <Depth = 2> <FIFO>
ST_1 : Operation 16 [1/1] (0.00ns)   --->   "%specinterface_ln0 = specinterface void @_ssdm_op_SpecInterface, i21 %image_h_out, void @ap_fifo_str, i32 0, i32 0, void @p_str, i32 0, i32 0, void @p_str, void @p_str, void @p_str, i32 2, i32 2, i32 16, i32 16, void @p_str, void @ScalarProp_str"   --->   Operation 16 'specinterface' 'specinterface_ln0' <Predicate = true> <Delay = 0.00>
ST_1 : Operation 17 [1/1] (3.63ns)   --->   "%write_ln21 = write void @_ssdm_op_Write.ap_fifo.i21P0A, i21 %image_h_out, i21 %image_h_read" [src/data_mover_s2mm.cpp:21]   --->   Operation 17 'write' 'write_ln21' <Predicate = true> <Delay = 3.63> <CoreInst = "FIFO_SRL">   --->   Core 81 'FIFO_SRL' <Latency = 0> <II = 1> <Delay = 3.63> <Storage> <Opcode : 'read' 'write' 'nbread' 'nbwrite'> <Ports = 0> <Width = 21> <Depth = 2> <FIFO>
ST_1 : Operation 18 [1/1] (0.00ns)   --->   "%specinterface_ln0 = specinterface void @_ssdm_op_SpecInterface, i1 %invert_Y_out, void @ap_fifo_str, i32 0, i32 0, void @p_str, i32 0, i32 0, void @p_str, void @p_str, void @p_str, i32 2, i32 2, i32 16, i32 16, void @p_str, void @ScalarProp_str"   --->   Operation 18 'specinterface' 'specinterface_ln0' <Predicate = true> <Delay = 0.00>
ST_1 : Operation 19 [1/1] (3.63ns)   --->   "%write_ln21 = write void @_ssdm_op_Write.ap_fifo.i1P0A, i1 %invert_Y_out, i1 %invert_Y_read" [src/data_mover_s2mm.cpp:21]   --->   Operation 19 'write' 'write_ln21' <Predicate = true> <Delay = 3.63> <CoreInst = "FIFO_SRL">   --->   Core 81 'FIFO_SRL' <Latency = 0> <II = 1> <Delay = 3.63> <Storage> <Opcode : 'read' 'write' 'nbread' 'nbwrite'> <Ports = 0> <Width = 1> <Depth = 2> <FIFO>
ST_1 : Operation 20 [1/1] (0.00ns)   --->   "%ret_ln21 = ret" [src/data_mover_s2mm.cpp:21]   --->   Operation 20 'ret' 'ret_ln21' <Predicate = true> <Delay = 0.00>


============================================================
+ Verbose Summary: Timing violations
============================================================
Target clock period: 10ns, clock uncertainty: 2.7ns.

 <State 1>: 3.63ns
The critical path consists of the following:
	wire read on port 'image_w' (src/data_mover_s2mm.cpp:21) [19]  (0 ns)
	fifo write on port 'image_w_out' (src/data_mover_s2mm.cpp:21) [20]  (3.63 ns)


============================================================
+ Verbose Summary: Binding
============================================================
N/A
* FSMD analyzer results:
  - Output states:
 - Input state : 
  - Chain level:
	State 1


============================================================
+ Verbose Summary: Datapath Resource usage 
============================================================
N/A
