

================================================================
== Synthesis Summary Report of 'GradConvolutionUnit'
================================================================
+ General Information: 
    * Date:           Wed Aug 11 13:56:39 2021
    * Version:        2020.2 (Build 3064766 on Wed Nov 18 09:12:47 MST 2020)
    * Project:        Gradient_convolution
    * Solution:       solution1 (Vivado IP Flow Target)
    * Product family: zynq
    * Target device:  xc7z020-clg400-1
    

+ Performance & Resource Estimates: 
    
    PS: '+' for module; 'o' for loop; '*' for dataflow
    +-------------------------------------+------+-------+---------+--------+----------+---------+------+----------+------+----+-----------+----------+-----+
    |               Modules               | Issue|       | Latency | Latency| Iteration|         | Trip |          |      |    |           |          |     |
    |               & Loops               | Type | Slack | (cycles)|  (ns)  |  Latency | Interval| Count| Pipelined| BRAM | DSP|     FF    |    LUT   | URAM|
    +-------------------------------------+------+-------+---------+--------+----------+---------+------+----------+------+----+-----------+----------+-----+
    |+ GradConvolutionUnit                |     -|  -0.39|        -|       -|         -|        -|     -|        no|     -|   -|  352 (~0%)|  611 (1%)|    -|
    | + grp_GradConvolution_fu_70         |     -|  -0.39|        -|       -|         -|        -|     -|        no|     -|   -|  347 (~0%)|  566 (1%)|    -|
    |  o VITIS_LOOP_59_1_VITIS_LOOP_60_2  |     -|  -7.30|        -|       -|         2|        1|     -|       yes|     -|   -|          -|         -|    -|
    +-------------------------------------+------+-------+---------+--------+----------+---------+------+----------+------+----+-----------+----------+-----+

