

================================================================
== Vitis HLS Report for 'ColorToGrayUnit'
================================================================
* Date:           Thu Aug 12 17:03:54 2021

* Version:        2020.2 (Build 3064766 on Wed Nov 18 09:12:47 MST 2020)
* Project:        color_to_gray
* Solution:       solution1 (Vivado IP Flow Target)
* Product family: zynq
* Target device:  xc7z020-clg400-1


================================================================
== Performance Estimates
================================================================
+ Timing: 
    * Summary: 
    +--------+----------+----------+------------+
    |  Clock |  Target  | Estimated| Uncertainty|
    +--------+----------+----------+------------+
    |ap_clk  |  10.00 ns|  6.912 ns|     2.70 ns|
    +--------+----------+----------+------------+

+ Latency: 
    * Summary: 
    +---------+---------+----------+----------+-----+-----+---------+
    |  Latency (cycles) |  Latency (absolute) |  Interval | Pipeline|
    |   min   |   max   |    min   |    max   | min | max |   Type  |
    +---------+---------+----------+----------+-----+-----+---------+
    |        ?|        ?|         ?|         ?|    ?|    ?|     none|
    +---------+---------+----------+----------+-----+-----+---------+

    + Detail: 
        * Instance: 
        +-----------------------+-------------+---------+---------+----------+----------+-----+-----+---------+
        |                       |             |  Latency (cycles) |  Latency (absolute) |  Interval | Pipeline|
        |        Instance       |    Module   |   min   |   max   |    min   |    max   | min | max |   Type  |
        +-----------------------+-------------+---------+---------+----------+----------+-----+-----+---------+
        |grp_ColorToGray_fu_60  |ColorToGray  |        ?|        ?|         ?|         ?|    ?|    ?|     none|
        +-----------------------+-------------+---------+---------+----------+----------+-----+-----+---------+

        * Loop: 
        N/A



================================================================
== Utilization Estimates
================================================================
* Summary: 
+-----------------+---------+-----+--------+-------+-----+
|       Name      | BRAM_18K| DSP |   FF   |  LUT  | URAM|
+-----------------+---------+-----+--------+-------+-----+
|DSP              |        -|    -|       -|      -|    -|
|Expression       |        -|    -|       0|      2|    -|
|FIFO             |        -|    -|       -|      -|    -|
|Instance         |        -|    1|     450|    342|    -|
|Memory           |        -|    -|       -|      -|    -|
|Multiplexer      |        -|    -|       -|     34|    -|
|Register         |        -|    -|       5|      -|    -|
+-----------------+---------+-----+--------+-------+-----+
|Total            |        0|    1|     455|    378|    0|
+-----------------+---------+-----+--------+-------+-----+
|Available        |      280|  220|  106400|  53200|    0|
+-----------------+---------+-----+--------+-------+-----+
|Utilization (%)  |        0|   ~0|      ~0|     ~0|    0|
+-----------------+---------+-----+--------+-------+-----+

+ Detail: 
    * Instance: 
    +-----------------------+-------------+---------+----+-----+-----+-----+
    |        Instance       |    Module   | BRAM_18K| DSP|  FF | LUT | URAM|
    +-----------------------+-------------+---------+----+-----+-----+-----+
    |grp_ColorToGray_fu_60  |ColorToGray  |        0|   1|  450|  342|    0|
    +-----------------------+-------------+---------+----+-----+-----+-----+
    |Total                  |             |        0|   1|  450|  342|    0|
    +-----------------------+-------------+---------+----+-----+-----+-----+

    * DSP: 
    N/A

    * Memory: 
    N/A

    * FIFO: 
    N/A

    * Expression: 
    +-----------------------------------------+----------+----+---+----+------------+------------+
    |              Variable Name              | Operation| DSP| FF| LUT| Bitwidth P0| Bitwidth P1|
    +-----------------------------------------+----------+----+---+----+------------+------------+
    |grp_ColorToGray_fu_60_stream_out_TREADY  |       and|   0|  0|   2|           1|           1|
    +-----------------------------------------+----------+----+---+----+------------+------------+
    |Total                                    |          |   0|  0|   2|           1|           1|
    +-----------------------------------------+----------+----+---+----+------------+------------+

    * Multiplexer: 
    +-------------------------------+----+-----------+-----+-----------+
    |              Name             | LUT| Input Size| Bits| Total Bits|
    +-------------------------------+----+-----------+-----+-----------+
    |ap_NS_fsm                      |  25|          5|    1|          5|
    |stream_in_TREADY_int_regslice  |   9|          2|    1|          2|
    +-------------------------------+----+-----------+-----+-----------+
    |Total                          |  34|          7|    2|          7|
    +-------------------------------+----+-----------+-----+-----------+

    * Register: 
    +------------------------------------+---+----+-----+-----------+
    |                Name                | FF| LUT| Bits| Const Bits|
    +------------------------------------+---+----+-----+-----------+
    |ap_CS_fsm                           |  4|   0|    4|          0|
    |grp_ColorToGray_fu_60_ap_start_reg  |  1|   0|    1|          0|
    +------------------------------------+---+----+-----+-----------+
    |Total                               |  5|   0|    5|          0|
    +------------------------------------+---+----+-----+-----------+



================================================================
== Interface
================================================================
* Summary: 
+-------------------+-----+-----+------------+---------------------+--------------+
|     RTL Ports     | Dir | Bits|  Protocol  |    Source Object    |    C Type    |
+-------------------+-----+-----+------------+---------------------+--------------+
|ap_clk             |   in|    1|  ap_ctrl_hs|      ColorToGrayUnit|  return value|
|ap_rst_n           |   in|    1|  ap_ctrl_hs|      ColorToGrayUnit|  return value|
|ap_start           |   in|    1|  ap_ctrl_hs|      ColorToGrayUnit|  return value|
|ap_done            |  out|    1|  ap_ctrl_hs|      ColorToGrayUnit|  return value|
|ap_idle            |  out|    1|  ap_ctrl_hs|      ColorToGrayUnit|  return value|
|ap_ready           |  out|    1|  ap_ctrl_hs|      ColorToGrayUnit|  return value|
|stream_in_TDATA    |   in|   24|        axis|   stream_in_V_data_V|       pointer|
|stream_in_TVALID   |   in|    1|        axis|   stream_in_V_last_V|       pointer|
|stream_in_TREADY   |  out|    1|        axis|   stream_in_V_last_V|       pointer|
|stream_in_TLAST    |   in|    1|        axis|   stream_in_V_last_V|       pointer|
|stream_in_TKEEP    |   in|    3|        axis|   stream_in_V_keep_V|       pointer|
|stream_in_TSTRB    |   in|    3|        axis|   stream_in_V_strb_V|       pointer|
|stream_in_TUSER    |   in|    1|        axis|   stream_in_V_user_V|       pointer|
|stream_out_TDATA   |  out|    8|        axis|  stream_out_V_data_V|       pointer|
|stream_out_TVALID  |  out|    1|        axis|  stream_out_V_last_V|       pointer|
|stream_out_TREADY  |   in|    1|        axis|  stream_out_V_last_V|       pointer|
|stream_out_TLAST   |  out|    1|        axis|  stream_out_V_last_V|       pointer|
|stream_out_TKEEP   |  out|    1|        axis|  stream_out_V_keep_V|       pointer|
|stream_out_TSTRB   |  out|    1|        axis|  stream_out_V_strb_V|       pointer|
|stream_out_TUSER   |  out|    1|        axis|  stream_out_V_user_V|       pointer|
|image_w            |   in|   32|   ap_stable|              image_w|        scalar|
|image_h            |   in|   32|   ap_stable|              image_h|        scalar|
+-------------------+-----+-----+------------+---------------------+--------------+

